============================
      EPOCH #0
============================
Training...
Validating...
Model #0
Loss: 0.12449631690979004
Acc: 24390/25600 : 95.27% Stop: 1521/1861 : 81.73% Go: 1550/1985 : 78.09% Neg: 21319/21754 : 98.00% 
============================
      EPOCH #1
============================
Training...
Validating...
Model #0
Loss: 0.10329771995544433
Acc: 24613/25600 : 96.14% Stop: 1713/1951 : 87.80% Go: 1547/1848 : 83.71% Neg: 21353/21801 : 97.95% 
============================
      EPOCH #2
============================
Training...
Validating...
Model #0
Loss: 0.10314426422119141
Acc: 24641/25600 : 96.25% Stop: 1602/1940 : 82.58% Go: 1659/1986 : 83.53% Neg: 21380/21674 : 98.64% 
============================
      EPOCH #3
============================
Training...
Validating...
Model #0
Loss: 0.09795027732849121
Acc: 24697/25600 : 96.47% Stop: 1692/1931 : 87.62% Go: 1658/1987 : 83.44% Neg: 21347/21682 : 98.45% 
============================
      EPOCH #4
============================
Training...
Validating...
Model #0
Loss: 0.09043113708496094
Acc: 24750/25600 : 96.68% Stop: 1735/1905 : 91.08% Go: 1436/1959 : 73.30% Neg: 21579/21736 : 99.28% 
============================
      EPOCH #5
============================
Training...
Validating...
Model #0
Loss: 0.08714916229248047
Acc: 24800/25600 : 96.88% Stop: 1700/1909 : 89.05% Go: 1494/1864 : 80.15% Neg: 21606/21827 : 98.99% 
============================
      EPOCH #6
============================
Training...
Validating...
Model #0
Loss: 0.08292764663696289
Acc: 24820/25600 : 96.95% Stop: 1830/1986 : 92.15% Go: 1718/1994 : 86.16% Neg: 21272/21620 : 98.39% 
============================
      EPOCH #7
============================
Training...
Validating...
Model #0
Loss: 0.08022687911987304
Acc: 24826/25600 : 96.98% Stop: 1765/1975 : 89.37% Go: 1501/1866 : 80.44% Neg: 21560/21759 : 99.09% 
============================
      EPOCH #8
============================
Training...
Validating...
Model #0
Loss: 0.07642006397247314
Acc: 24904/25600 : 97.28% Stop: 1811/1946 : 93.06% Go: 1637/1941 : 84.34% Neg: 21456/21713 : 98.82% 
============================
      EPOCH #9
============================
Training...
Validating...
Model #0
Loss: 0.09222947120666504
Acc: 24760/25600 : 96.72% Stop: 1784/1855 : 96.17% Go: 1739/1987 : 87.52% Neg: 21237/21758 : 97.61% 
