ConvNetStopGo with prepare_qat done
============================
      EPOCH #0
============================
Training...
Validating...
Model #0
Loss: 0.22969913482666016
Acc: 23306/25600 : 91.04% Pos: 1250/2014 : 62.07% Pos2: 1617/2014 : 80.29% Neg: 20439/21691 : 94.23% 
============================
      EPOCH #1
============================
Training...
Validating...
Model #0
Loss: 0.16610279083251953
Acc: 24007/25600 : 93.78% Pos: 1797/1961 : 91.64% Pos2: 972/1961 : 49.57% Neg: 21238/21728 : 97.74% 
============================
      EPOCH #2
============================
Training...
Validating...
Model #0
Loss: 0.11039800643920898
Acc: 24539/25600 : 95.86% Pos: 1639/1959 : 83.67% Pos2: 1419/1959 : 72.43% Neg: 21481/21797 : 98.55% 
============================
      EPOCH #3
============================
Training...
Validating...
Model #0
Loss: 0.11472997665405274
Acc: 24464/25600 : 95.56% Pos: 1594/1848 : 86.26% Pos2: 1260/1848 : 68.18% Neg: 21610/21811 : 99.08% 
============================
      EPOCH #4
============================
Training...
Validating...
Model #0
Loss: 0.10357331275939942
Acc: 24608/25600 : 96.12% Pos: 1698/1918 : 88.53% Pos2: 1570/1918 : 81.86% Neg: 21340/21749 : 98.12% 
============================
      EPOCH #5
============================
Training...
Validating...
Model #0
Loss: 0.11504936218261719
Acc: 24527/25600 : 95.81% Pos: 1707/1871 : 91.23% Pos2: 1304/1871 : 69.70% Neg: 21516/21806 : 98.67% 
============================
      EPOCH #6
============================
Training...
Validating...
Model #0
Loss: 0.10359366416931153
Acc: 24668/25600 : 96.36% Pos: 1760/1894 : 92.93% Pos2: 1578/1894 : 83.32% Neg: 21330/21819 : 97.76% 
============================
      EPOCH #7
============================
Training...
Validating...
Model #0
Loss: 0.10424033164978028
Acc: 24632/25600 : 96.22% Pos: 1739/1928 : 90.20% Pos2: 1748/1928 : 90.66% Neg: 21145/21751 : 97.21% 
============================
      EPOCH #8
============================
Training...
Validating...
Model #0
Loss: 0.09110052108764649
Acc: 24760/25600 : 96.72% Pos: 1628/1919 : 84.84% Pos2: 1630/1919 : 84.94% Neg: 21502/21714 : 99.02% 
============================
      EPOCH #9
============================
Training...
Validating...
Model #0
Loss: 0.09193388938903808
Acc: 24722/25600 : 96.57% Pos: 1543/1902 : 81.13% Pos2: 1653/1902 : 86.91% Neg: 21526/21799 : 98.75% 
