============================
      EPOCH #0
============================
Training...
Validating...
Model #0
Loss: 0.16825494766235352
Acc: 23972/25600 : 93.64% Stop: 1169/1857 : 62.95% Go: 1600/1857 : 86.16% Neg: 21203/21850 : 97.04% 
============================
      EPOCH #1
============================
Training...
Validating...
Model #0
Loss: 0.15485608100891113
Acc: 24112/25600 : 94.19% Stop: 1596/1896 : 84.18% Go: 998/1896 : 52.64% Neg: 21518/21740 : 98.98% 
============================
      EPOCH #2
============================
Training...
Validating...
Model #0
Loss: 0.11213478088378906
Acc: 24511/25600 : 95.75% Stop: 1559/1874 : 83.19% Go: 1454/1874 : 77.59% Neg: 21498/21786 : 98.68% 
============================
      EPOCH #3
============================
Training...
Validating...
Model #0
Loss: 0.14724279403686524
Acc: 24155/25600 : 94.36% Stop: 1219/1835 : 66.43% Go: 1233/1835 : 67.19% Neg: 21703/21814 : 99.49% 
============================
      EPOCH #4
============================
Training...
Validating...
Model #0
Loss: 0.09729166030883789
Acc: 24708/25600 : 96.52% Stop: 1561/1902 : 82.07% Go: 1600/1902 : 84.12% Neg: 21547/21806 : 98.81% 
============================
      EPOCH #5
============================
Training...
Validating...
Model #0
Loss: 0.09640683174133301
Acc: 24689/25600 : 96.44% Stop: 1618/1934 : 83.66% Go: 1567/1934 : 81.02% Neg: 21504/21762 : 98.81% 
============================
      EPOCH #6
============================
Training...
Validating...
Model #0
Loss: 0.09640788078308106
Acc: 24727/25600 : 96.59% Stop: 1719/1928 : 89.16% Go: 1635/1928 : 84.80% Neg: 21373/21735 : 98.33% 
============================
      EPOCH #7
============================
Training...
Validating...
Model #0
Loss: 0.09882899284362794
Acc: 24725/25600 : 96.58% Stop: 1752/1885 : 92.94% Go: 1649/1885 : 87.48% Neg: 21324/21771 : 97.95% 
============================
      EPOCH #8
============================
Training...
Validating...
Model #0
Loss: 0.09294558525085449
Acc: 24753/25600 : 96.69% Stop: 1693/1912 : 88.55% Go: 1539/1912 : 80.49% Neg: 21521/21745 : 98.97% 
============================
      EPOCH #9
============================
Training...
Validating...
Model #0
Loss: 0.10929041862487793
Acc: 24577/25600 : 96.00% Stop: 1562/1809 : 86.35% Go: 1830/1809 : 101.16% Neg: 21185/21841 : 97.00% 
